
> bhyte-landing-page@0.1.0 build
> next build

   Γû▓ Next.js 15.3.6
   - Environments: .env.local

   Creating an optimized production build ...
 Γ£ô Compiled successfully in 1000ms
   Linting and checking validity of types ...
node.exe : 
At C:\Program 
Files\nodejs\npm.ps1:29 char:3
+   & $NODE_EXE $NPM_CLI_JS 
$args
+   
~~~~~~~~~~~~~~~~~~~~~~~~~~~~~
    + CategoryInfo          : 
    NotSpecified: (:String)   
  [], RemoteException
    + FullyQualifiedErrorId : 
    NativeCommandError
 
Failed to compile.

./src/app/providers.tsx
25:7  Error: Include a 
description after the 
"@ts-expect-error" directive 
to explain why the 
@ts-expect-error is 
necessary. The description 
must be 3 characters or 
longer.  @typescript-eslint/ba
n-ts-comment

./src/instrumentation-client.t
s
8:5  Error: Include a 
description after the 
"@ts-expect-error" directive 
to explain why the 
@ts-expect-error is 
necessary. The description 
must be 3 characters or 
longer.  @typescript-eslint/ba
n-ts-comment

info  - Need to disable some 
ESLint rules? Learn more 
here: https://nextjs.org/docs/
app/api-reference/config/eslin
t#disabling-rules
